// Jest Snapshot v1, https://goo.gl/fbAQLP

exports[`renders the ToolBar Component correctly 1`] = `
<div
  className="sc-kgoBCf eDujeO"
>
  <div
    className="sc-kGXeez bfhFCu"
  >
    <button
      className="sc-kAzzGY dvWRck"
      onClick={[Function]}
    >
      <i
        className="material-icons  sc-iwsKbI fEXJaq"
        color="white"
        scale="xl"
      >
        dashboard
      </i>
    </button>
    <span
      className="sc-dnqmqq gqgUa"
      color="white"
      onClick={[Function]}
      scale="l"
    >
      Massiv App
    </span>
  </div>
  <div
    className="sc-kGXeez bfhFCu"
  >
    <div>
      <button
        className="sc-kAzzGY dvWRck"
        onClick={[Function]}
      >
        <i
          className="material-icons  sc-iwsKbI hPAJbp"
          color="white"
          scale="l"
        >
          search
        </i>
      </button>
      <button
        className="sc-kAzzGY dvWRck"
        onClick={[Function]}
      >
        <i
          className="material-icons  sc-iwsKbI hPAJbp"
          color="white"
          scale="l"
        >
          settings
        </i>
      </button>
      <button
        className="sc-kAzzGY dvWRck"
        onClick={[Function]}
      >
        <i
          className="material-icons  sc-iwsKbI hPAJbp"
          color="white"
          scale="l"
        >
          keyboard_arrow_down
        </i>
      </button>
    </div>
  </div>
</div>
`;
